Regel 1
Regel 1
